RuntimeError: unsupported operand type(s) for list access
