3
RuntimeError: unsupported (left) operand type for binary +
