4
RuntimeError: invalid argument types for + operator
