RuntimeError: unsupported operand type(s) for binary +
