SSyntaxError: unexpected number of arguments in function call