int
string
float
bool
bool
string
float
bool
bool
string