SSyntaxError: cannot explicitly type variables in conditional branches
