SNotImplementedError: calling weakly defined functions has not been implemented
