SWarning: called unknown/undefined function
SWarning: called unknown/undefined function
3
4
